2026-06-18 13:34:12 [INFO] Iniciando leitura de CPFs para pesquisa no SOC...
2026-06-18 13:34:12 [INFO] 9855 registros carregados com sucesso.
2026-06-18 13:34:12 [INFO] Iniciando processo de login no SOC...
2026-06-18 13:34:15 [INFO] Empresa selecionada com sucesso: 3661
2026-06-18 13:34:15 [INFO] Botão 'Entrar' clicado. Aguardando processamento...
2026-06-18 13:34:17 [INFO] Verificando se o SOC pediu Captcha...
2026-06-18 13:34:17 [INFO] Nenhum Captcha detectado. Seguindo fluxo normal.
2026-06-18 13:34:23 [INFO] Iniciando seleção de empresa pela lupa...
2026-06-18 13:34:23 [INFO] Lupa clicada. Aguardando modal de busca de empresa.
2026-06-18 13:34:23 [INFO] Empresa 'PAGUE MENOS' localizada. Clicando...
2026-06-18 13:34:29 [INFO] Empresa selecionada com sucesso!
2026-06-18 13:34:29 [INFO] Iniciando acesso ao programa 232...
2026-06-18 13:34:30 [INFO] Código '232' inserido e validado. Valor final no campo: '232'
2026-06-18 13:34:31 [INFO] Programa 232 acessado e verificado com sucesso.
2026-06-18 13:34:31 [INFO] Login e preparação concluídos.
2026-06-18 13:34:31 [INFO] Iniciando tentativa 1/3 para CPF 53552551832...
2026-06-18 13:34:37 [INFO] Checkbox 'inativo' desmarcado via JS.
2026-06-18 13:34:37 [INFO] Checkbox 'pendente' desmarcado via JS.
2026-06-18 13:34:42 [INFO] [53552551832] Tentativa 1/3 de abrir o SOCGED...
2026-06-18 13:34:42 [INFO] [53552551832] Ícone SOCGED clicado.
2026-06-18 13:34:44 [INFO] [53552551832] Link 'SOCGED' clicado com sucesso.
2026-06-18 13:34:47 [INFO] [31019342] Consultando SharePoint: SOC_REP/31019342 ...
2026-06-18 13:34:47 [INFO] [31019342] Encontrados 1 itens na pasta remota.
2026-06-18 13:34:51 [INFO]  >> [PULANDO] '02.jpeg' já identificado no SharePoint (Match: 02).
2026-06-18 13:34:51 [INFO] [53552551832] Download finalizado. 0 novos arquivos.
2026-06-18 13:34:51 [INFO] Processamento de documentos para 53552551832 finalizado.
2026-06-18 13:34:51 [INFO] Nenhum arquivo local baixado para a matrícula 31019342. Nada a enviar.
2026-06-18 13:34:51 [INFO] [53552551832] Processamento de documentos finalizado. Retornando para a tela de pesquisa (Prog. 232)...
2026-06-18 13:34:51 [INFO] Iniciando acesso ao programa 232...
2026-06-18 13:34:52 [WARNING] O valor no campo era 'Cód. Prog.' em vez de '232'. Corrigindo com JS.
2026-06-18 13:34:52 [INFO] Código '232' inserido e validado. Valor final no campo: '232'
2026-06-18 13:34:52 [INFO] Programa 232 acessado e verificado com sucesso.
2026-06-18 13:34:52 [INFO] [53552551832] Retornando para a tela de pesquisa (Prog. 232)...
2026-06-18 13:34:52 [INFO] Iniciando acesso ao programa 232...
2026-06-18 13:34:53 [WARNING] O valor no campo era 'Cód. Prog.' em vez de '232'. Corrigindo com JS.
2026-06-18 13:34:53 [INFO] Código '232' inserido e validado. Valor final no campo: '232'
2026-06-18 13:34:53 [INFO] Programa 232 acessado e verificado com sucesso.
2026-06-18 13:34:53 [INFO] Iniciando tentativa 1/3 para CPF 52107444854...
2026-06-18 13:34:59 [INFO] Checkbox 'inativo' desmarcado via JS.
2026-06-18 13:34:59 [INFO] Checkbox 'pendente' desmarcado via JS.
2026-06-18 13:35:04 [INFO] [52107444854] Tentativa 1/3 de abrir o SOCGED...
2026-06-18 13:35:05 [INFO] [52107444854] Ícone SOCGED clicado.
2026-06-18 13:35:06 [INFO] [52107444854] Link 'SOCGED' clicado com sucesso.
2026-06-18 13:35:10 [INFO] [31016393] Consultando SharePoint: SOC_REP/31016393 ...
2026-06-18 13:35:10 [INFO] [31016393] Encontrados 2 itens na pasta remota.
2026-06-18 13:35:13 [INFO]  >> [PULANDO] 'TAINA CRISTINA DE LIMA RIBEIRO - 22 11 2024_0001.jpg' já identificado no SharePoint (Match: tainacristinadelimaribeiro221120240001).
2026-06-18 13:35:16 [INFO]  >> [PULANDO] 'TAINA CRISTINA DE LIMA RIBEIRO 22 11 2024.pdf' já identificado no SharePoint (Match: tainacristinadelimaribeiro22112024).
2026-06-18 13:35:16 [INFO] [52107444854] Download finalizado. 0 novos arquivos.
2026-06-18 13:35:16 [INFO] Processamento de documentos para 52107444854 finalizado.
2026-06-18 13:35:16 [INFO] Nenhum arquivo local baixado para a matrícula 31016393. Nada a enviar.
2026-06-18 13:35:16 [INFO] [52107444854] Processamento de documentos finalizado. Retornando para a tela de pesquisa (Prog. 232)...
2026-06-18 13:35:16 [INFO] Iniciando acesso ao programa 232...
2026-06-18 13:35:17 [WARNING] O valor no campo era 'Cód. Prog.' em vez de '232'. Corrigindo com JS.
2026-06-18 13:35:17 [INFO] Código '232' inserido e validado. Valor final no campo: '232'
2026-06-18 13:35:17 [INFO] Programa 232 acessado e verificado com sucesso.
2026-06-18 13:35:17 [INFO] [52107444854] Retornando para a tela de pesquisa (Prog. 232)...
2026-06-18 13:35:17 [INFO] Iniciando acesso ao programa 232...
2026-06-18 13:35:18 [WARNING] O valor no campo era 'Cód. Prog.' em vez de '232'. Corrigindo com JS.
2026-06-18 13:35:18 [INFO] Código '232' inserido e validado. Valor final no campo: '232'
2026-06-18 13:35:19 [INFO] Programa 232 acessado e verificado com sucesso.
2026-06-18 13:35:19 [INFO] Iniciando tentativa 1/3 para CPF 05549428601...
2026-06-18 13:35:24 [INFO] Checkbox 'inativo' desmarcado via JS.
2026-06-18 13:35:25 [INFO] Checkbox 'pendente' desmarcado via JS.
2026-06-18 13:35:31 [INFO] [05549428601] Tentativa 1/3 de abrir o SOCGED...
2026-06-18 13:35:31 [INFO] [05549428601] Ícone SOCGED clicado.
2026-06-18 13:35:33 [INFO] [05549428601] Link 'SOCGED' clicado com sucesso.
2026-06-18 13:35:36 [INFO] [27000353] Consultando SharePoint: SOC_REP/27000353 ...
2026-06-18 13:35:36 [INFO] [27000353] Encontrados 14 itens na pasta remota.
2026-06-18 13:35:40 [INFO]  >> [PULANDO] 'Entrega_de_EPI_EDERSON_CA_24062025.pdf' já identificado no SharePoint (Match: entregadeepiedersonca24062025).
2026-06-18 13:35:40 [INFO]  >> [PULANDO] '27000353 - EDERSON CARLOS DA SILVA_FICHA DE EPI.pdf' já identificado no SharePoint (Match: 27000353edersoncarlosdasilvafichadeepi).
2026-06-18 13:35:42 [INFO]  >> [PULANDO] 'Entrega_de_EPI_EDERSON_CA_24062025.pdf' já identificado no SharePoint (Match: entregadeepiedersonca24062025).
2026-06-18 13:35:44 [INFO]  >> [PULANDO] 'EDERSON CARLOS DA SILVA - 19 12 2023_0001.jpg' já identificado no SharePoint (Match: edersoncarlosdasilva191220230001).
2026-06-18 13:35:47 [INFO]  >> [PULANDO] 'ASO - EDERSON CARLOS DA SILVA ( PER 05-02-2024).pdf' já identificado no SharePoint (Match: asoedersoncarlosdasilvaper05022024).
2026-06-18 13:35:49 [INFO]  >> [PULANDO] 'ASO - EDERSON CARLOS DA SILVA ( PER 28-08-2024).pdf' já identificado no SharePoint (Match: asoedersoncarlosdasilvaper28082024).
2026-06-18 13:35:52 [INFO]  >> [PULANDO] 'ASO - EDERSON CARLOS DA SILVA.pdf' já identificado no SharePoint (Match: asoedersoncarlosdasilva).
2026-06-18 13:35:54 [INFO]  >> [PULANDO] 'EDERSON CARLOS DA SILVA 19 12 2023.pdf' já identificado no SharePoint (Match: edersoncarlosdasilva19122023).
2026-06-18 13:35:56 [INFO]  >> [PULANDO] 'FICHA CLINICA - EDERSON CARLOS DA SILVA.pdf' já identificado no SharePoint (Match: fichaclinicaedersoncarlosdasilva).
