2026-06-17 13:57:17 [INFO] Iniciando leitura de CPFs para pesquisa no SOC...
2026-06-17 13:57:17 [INFO] 9855 registros carregados com sucesso.
2026-06-17 13:57:17 [INFO] Iniciando processo de login no SOC...
2026-06-17 13:57:20 [INFO] Empresa selecionada com sucesso: 3661
2026-06-17 13:57:21 [INFO] Botão 'Entrar' clicado. Aguardando processamento...
2026-06-17 13:57:23 [INFO] Verificando se o SOC pediu Captcha...
2026-06-17 13:57:23 [INFO] Nenhum Captcha detectado. Seguindo fluxo normal.
2026-06-17 13:57:28 [INFO] Iniciando seleção de empresa pela lupa...
2026-06-17 13:57:29 [INFO] Lupa clicada. Aguardando modal...
2026-06-17 13:57:34 [INFO] Lupa clicada. Aguardando modal...
2026-06-17 13:57:40 [INFO] Lupa clicada. Aguardando modal...
2026-06-17 13:57:45 [INFO] Lupa clicada. Aguardando modal...
2026-06-17 13:57:51 [INFO] Lupa clicada. Aguardando modal...
2026-06-17 13:57:56 [INFO] Lupa clicada. Aguardando modal...
2026-06-17 13:58:02 [INFO] Lupa clicada. Aguardando modal...
2026-06-17 13:58:07 [INFO] Lupa clicada. Aguardando modal...
2026-06-17 13:58:13 [INFO] Lupa clicada. Aguardando modal...
2026-06-17 13:58:18 [ERROR] FALHA CRÍTICA: Empresa 'PAGUE MENOS' não encontrada após 45 segundos.
2026-06-17 13:58:18 [CRITICAL] Falha crítica na inicialização do driver: Falha ao selecionar empresa 'PAGUE MENOS' no modal após várias tentativas.
Traceback (most recent call last):
  File "c:\Users\taina.ribeiro\OneDrive - Pague Menos Comercio de Produtos Alimenticios Ltda\Documentos\Dev\Automações\SOC_REP\automation\cpf_searcher.py", line 187, in pesquisar_cpfs
    selecionar_empresa_por_lupa(driver)
    ~~~~~~~~~~~~~~~~~~~~~~~~~~~^^^^^^^^
  File "c:\Users\taina.ribeiro\OneDrive - Pague Menos Comercio de Produtos Alimenticios Ltda\Documentos\Dev\Automações\SOC_REP\automation\soc_navigation.py", line 186, in selecionar_empresa_por_lupa
    raise RuntimeError("Falha ao selecionar empresa 'PAGUE MENOS' no modal após várias tentativas.")
RuntimeError: Falha ao selecionar empresa 'PAGUE MENOS' no modal após várias tentativas.
2026-06-17 13:58:20 [INFO] Fluxo de navegação concluído com sucesso.
2026-06-17 13:58:39 [INFO] Driver encerrado.
2026-06-17 14:02:25 [INFO] Iniciando leitura de CPFs para pesquisa no SOC...
2026-06-17 14:02:25 [INFO] 9855 registros carregados com sucesso.
2026-06-17 14:02:25 [INFO] Iniciando processo de login no SOC...
2026-06-17 14:02:28 [INFO] Empresa selecionada com sucesso: 3661
2026-06-17 14:02:29 [INFO] Botão 'Entrar' clicado. Aguardando processamento...
2026-06-17 14:02:31 [INFO] Verificando se o SOC pediu Captcha...
2026-06-17 14:02:32 [INFO] Nenhum Captcha detectado. Seguindo fluxo normal.
2026-06-17 14:02:37 [INFO] Iniciando seleção de empresa pela lupa...
2026-06-17 14:02:38 [INFO] Lupa clicada. Aguardando modal...
2026-06-17 14:02:43 [INFO] Lupa clicada. Aguardando modal...
2026-06-17 14:02:49 [INFO] Lupa clicada. Aguardando modal...
2026-06-17 14:02:54 [INFO] Lupa clicada. Aguardando modal...
2026-06-17 14:03:00 [INFO] Lupa clicada. Aguardando modal...
2026-06-17 14:03:06 [INFO] Lupa clicada. Aguardando modal...
2026-06-17 14:03:11 [INFO] Lupa clicada. Aguardando modal...
2026-06-17 14:03:17 [INFO] Lupa clicada. Aguardando modal...
2026-06-17 14:03:23 [INFO] Lupa clicada. Aguardando modal...
2026-06-17 14:03:28 [ERROR] FALHA CRÍTICA: Empresa 'PAGUE MENOS' não encontrada após 45 segundos.
2026-06-17 14:03:28 [CRITICAL] Falha crítica na inicialização do driver: Falha ao selecionar empresa 'PAGUE MENOS' no modal após várias tentativas.
Traceback (most recent call last):
  File "c:\Users\taina.ribeiro\OneDrive - Pague Menos Comercio de Produtos Alimenticios Ltda\Documentos\Dev\Automações\SOC_REP\automation\cpf_searcher.py", line 187, in pesquisar_cpfs
    selecionar_empresa_por_lupa(driver)
    ~~~~~~~~~~~~~~~~~~~~~~~~~~~^^^^^^^^
  File "c:\Users\taina.ribeiro\OneDrive - Pague Menos Comercio de Produtos Alimenticios Ltda\Documentos\Dev\Automações\SOC_REP\automation\soc_navigation.py", line 186, in selecionar_empresa_por_lupa
    raise RuntimeError("Falha ao selecionar empresa 'PAGUE MENOS' no modal após várias tentativas.")
RuntimeError: Falha ao selecionar empresa 'PAGUE MENOS' no modal após várias tentativas.
2026-06-17 14:03:30 [INFO] Fluxo de navegação concluído com sucesso.
2026-06-17 14:03:48 [INFO] Driver encerrado.
2026-06-17 14:08:02 [INFO] Iniciando leitura de CPFs para pesquisa no SOC...
2026-06-17 14:08:02 [INFO] 9855 registros carregados com sucesso.
2026-06-17 14:08:02 [INFO] Iniciando processo de login no SOC...
2026-06-17 14:08:10 [INFO] Empresa selecionada com sucesso: 3661
2026-06-17 14:08:10 [INFO] Botão 'Entrar' clicado. Aguardando processamento...
2026-06-17 14:08:12 [INFO] Verificando se o SOC pediu Captcha...
2026-06-17 14:08:12 [INFO] Nenhum Captcha detectado. Seguindo fluxo normal.
2026-06-17 14:08:18 [INFO] Iniciando seleção de empresa pela lupa...
2026-06-17 14:08:18 [INFO] Lupa clicada. Aguardando modal...
2026-06-17 14:08:24 [INFO] Lupa clicada. Aguardando modal...
2026-06-17 14:08:29 [INFO] Lupa clicada. Aguardando modal...
2026-06-17 14:08:35 [INFO] Lupa clicada. Aguardando modal...
2026-06-17 14:08:41 [INFO] Lupa clicada. Aguardando modal...
2026-06-17 14:08:46 [INFO] Lupa clicada. Aguardando modal...
2026-06-17 14:08:51 [INFO] Lupa clicada. Aguardando modal...
2026-06-17 14:08:57 [INFO] Lupa clicada. Aguardando modal...
2026-06-17 14:09:03 [INFO] Lupa clicada. Aguardando modal...
2026-06-17 14:09:08 [ERROR] FALHA CRÍTICA: Empresa 'PAGUE MENOS' não encontrada após 45 segundos.
2026-06-17 14:09:08 [CRITICAL] Falha crítica na inicialização do driver: Falha ao selecionar empresa 'PAGUE MENOS' no modal.
Traceback (most recent call last):
  File "c:\Users\taina.ribeiro\OneDrive - Pague Menos Comercio de Produtos Alimenticios Ltda\Documentos\Dev\Automações\SOC_REP\automation\cpf_searcher.py", line 187, in pesquisar_cpfs
    selecionar_empresa_por_lupa(driver)
    ~~~~~~~~~~~~~~~~~~~~~~~~~~~^^^^^^^^
  File "c:\Users\taina.ribeiro\OneDrive - Pague Menos Comercio de Produtos Alimenticios Ltda\Documentos\Dev\Automações\SOC_REP\automation\soc_navigation.py", line 181, in selecionar_empresa_por_lupa
    raise RuntimeError("Falha ao selecionar empresa 'PAGUE MENOS' no modal.")
RuntimeError: Falha ao selecionar empresa 'PAGUE MENOS' no modal.
2026-06-17 14:09:10 [INFO] Fluxo de navegação concluído com sucesso.
2026-06-17 14:09:28 [INFO] Driver encerrado.
2026-06-17 14:11:59 [INFO] Iniciando leitura de CPFs para pesquisa no SOC...
2026-06-17 14:11:59 [INFO] 9855 registros carregados com sucesso.
2026-06-17 14:11:59 [INFO] Iniciando processo de login no SOC...
2026-06-17 14:12:01 [INFO] Empresa selecionada com sucesso: 3661
2026-06-17 14:12:02 [INFO] Botão 'Entrar' clicado. Aguardando processamento...
2026-06-17 14:12:04 [INFO] Verificando se o SOC pediu Captcha...
2026-06-17 14:12:04 [INFO] Nenhum Captcha detectado. Seguindo fluxo normal.
2026-06-17 14:12:09 [INFO] Iniciando seleção de empresa pela lupa...
2026-06-17 14:12:10 [INFO] Lupa clicada. Aguardando a tabela de empresas carregar no modal...
2026-06-17 14:12:10 [INFO] Empresa 'PAGUE MENOS' localizada na tabela. Clicando...
2026-06-17 14:12:16 [INFO] Empresa selecionada e pop-up fechado com sucesso!
2026-06-17 14:12:16 [INFO] Iniciando acesso ao programa 232...
2026-06-17 14:12:16 [INFO] Campo de código definido. Valor atual: '232'
2026-06-17 14:12:16 [INFO] Programa 232 acessado e 'socframe' verificado com sucesso.
2026-06-17 14:12:16 [INFO] Login e preparação concluídos.
2026-06-17 14:12:16 [INFO] Iniciando tentativa 1/3 para CPF 52107444854...
2026-06-17 14:12:22 [WARNING] Checkbox 'inativo' não encontrado na página.
2026-06-17 14:12:27 [WARNING] Checkbox 'pendente' não encontrado na página.
2026-06-17 14:12:32 [ERROR] Rádio 'CPF' não encontrado — possível mudança no layout.
2026-06-17 14:12:32 [INFO] Nenhum arquivo local baixado para a matrícula 31016393. Nada a enviar.
2026-06-17 14:12:32 [INFO] Iniciando tentativa 1/3 para CPF 05549428601...
2026-06-17 14:12:43 [WARNING] Checkbox 'inativo' não encontrado na página.
2026-06-17 14:12:48 [WARNING] Checkbox 'pendente' não encontrado na página.
